
> react-kavia@0.1.0 start
> react-scripts start

(node:37381) [DEP_WEBPACK_DEV_SERVER_ON_AFTER_SETUP_MIDDLEWARE] DeprecationWarning: 'onAfterSetupMiddleware' option is deprecated. Please use the 'setupMiddlewares' option.
(Use `node --trace-deprecation ...` to show where the warning was created)
(node:37381) [DEP_WEBPACK_DEV_SERVER_ON_BEFORE_SETUP_MIDDLEWARE] DeprecationWarning: 'onBeforeSetupMiddleware' option is deprecated. Please use the 'setupMiddlewares' option.
Starting the development server...

Compiled successfully!

You can now view react-kavia in the browser.

  Local:            http://localhost:3000
  On Your Network:  http://172.17.0.2:3000

Note that the development build is not optimized.
To create a production build, use npm run build.

webpack compiled successfully
Compiling...
Failed to compile.

[eslint] 
src/pages/MapPage.js
Syntax error: Unexpected token (8:2) (8:2)
ERROR in ./src/pages/MapPage.js
Module build failed (from ./node_modules/babel-loader/lib/index.js):
SyntaxError: /home/kavia/workspace/code-generation/travelgenie-ai-25-f8d21404/travelgenie_ai/src/pages/MapPage.js: Unexpected token (8:2)

   6 |   return (
   7 |     
>  8 |   );
     |   ^
   9 | }
  10 |
  11 | export default MapPage;
    at constructor (/home/kavia/workspace/code-generation/travelgenie-ai-25-f8d21404/travelgenie_ai/node_modules/@babel/parser/lib/index.js:360:19)
    at FlowParserMixin.raise (/home/kavia/workspace/code-generation/travelgenie-ai-25-f8d21404/travelgenie_ai/node_modules/@babel/parser/lib/index.js:3327:19)
    at FlowParserMixin.unexpected (/home/kavia/workspace/code-generation/travelgenie-ai-25-f8d21404/travelgenie_ai/node_modules/@babel/parser/lib/index.js:3347:16)
    at FlowParserMixin.parseParenAndDistinguishExpression (/home/kavia/workspace/code-generation/travelgenie-ai-25-f8d21404/travelgenie_ai/node_modules/@babel/parser/lib/index.js:11376:12)
    at FlowParserMixin.parseParenAndDistinguishExpression (/home/kavia/workspace/code-generation/travelgenie-ai-25-f8d21404/travelgenie_ai/node_modules/@babel/parser/lib/index.js:5815:18)
    at FlowParserMixin.parseExprAtom (/home/kavia/workspace/code-generation/travelgenie-ai-25-f8d21404/travelgenie_ai/node_modules/@babel/parser/lib/index.js:11006:23)
    at FlowParserMixin.parseExprAtom (/home/kavia/workspace/code-generation/travelgenie-ai-25-f8d21404/travelgenie_ai/node_modules/@babel/parser/lib/index.js:6937:20)
    at FlowParserMixin.parseExprSubscripts (/home/kavia/workspace/code-generation/travelgenie-ai-25-f8d21404/travelgenie_ai/node_modules/@babel/parser/lib/index.js:10758:23)
    at FlowParserMixin.parseUpdate (/home/kavia/workspace/code-generation/travelgenie-ai-25-f8d21404/travelgenie_ai/node_modules/@babel/parser/lib/index.js:10743:21)
    at FlowParserMixin.parseMaybeUnary (/home/kavia/workspace/code-generation/travelgenie-ai-25-f8d21404/travelgenie_ai/node_modules/@babel/parser/lib/index.js:10723:23)
    at FlowParserMixin.parseMaybeUnaryOrPrivate (/home/kavia/workspace/code-generation/travelgenie-ai-25-f8d21404/travelgenie_ai/node_modules/@babel/parser/lib/index.js:10576:61)
    at FlowParserMixin.parseExprOps (/home/kavia/workspace/code-generation/travelgenie-ai-25-f8d21404/travelgenie_ai/node_modules/@babel/parser/lib/index.js:10581:23)
    at FlowParserMixin.parseMaybeConditional (/home/kavia/workspace/code-generation/travelgenie-ai-25-f8d21404/travelgenie_ai/node_modules/@babel/parser/lib/index.js:10558:23)
    at FlowParserMixin.parseMaybeAssign (/home/kavia/workspace/code-generation/travelgenie-ai-25-f8d21404/travelgenie_ai/node_modules/@babel/parser/lib/index.js:10521:21)
    at FlowParserMixin.parseMaybeAssign (/home/kavia/workspace/code-generation/travelgenie-ai-25-f8d21404/travelgenie_ai/node_modules/@babel/parser/lib/index.js:5773:18)
    at FlowParserMixin.parseExpressionBase (/home/kavia/workspace/code-generation/travelgenie-ai-25-f8d21404/travelgenie_ai/node_modules/@babel/parser/lib/index.js:10475:23)
    at /home/kavia/workspace/code-generation/travelgenie-ai-25-f8d21404/travelgenie_ai/node_modules/@babel/parser/lib/index.js:10471:39
    at FlowParserMixin.allowInAnd (/home/kavia/workspace/code-generation/travelgenie-ai-25-f8d21404/travelgenie_ai/node_modules/@babel/parser/lib/index.js:12095:16)
    at FlowParserMixin.parseExpression (/home/kavia/workspace/code-generation/travelgenie-ai-25-f8d21404/travelgenie_ai/node_modules/@babel/parser/lib/index.js:10471:17)
    at FlowParserMixin.parseReturnStatement (/home/kavia/workspace/code-generation/travelgenie-ai-25-f8d21404/travelgenie_ai/node_modules/@babel/parser/lib/index.js:12786:28)
    at FlowParserMixin.parseStatementContent (/home/kavia/workspace/code-generation/travelgenie-ai-25-f8d21404/travelgenie_ai/node_modules/@babel/parser/lib/index.js:12437:21)
    at FlowParserMixin.parseStatementLike (/home/kavia/workspace/code-generation/travelgenie-ai-25-f8d21404/travelgenie_ai/node_modules/@babel/parser/lib/index.js:12406:17)
    at FlowParserMixin.parseStatementLike (/home/kavia/workspace/code-generation/travelgenie-ai-25-f8d21404/travelgenie_ai/node_modules/@babel/parser/lib/index.js:5140:24)
    at FlowParserMixin.parseStatementListItem (/home/kavia/workspace/code-generation/travelgenie-ai-25-f8d21404/travelgenie_ai/node_modules/@babel/parser/lib/index.js:12386:17)
    at FlowParserMixin.parseBlockOrModuleBlockBody (/home/kavia/workspace/code-generation/travelgenie-ai-25-f8d21404/travelgenie_ai/node_modules/@babel/parser/lib/index.js:12960:61)
    at FlowParserMixin.parseBlockBody (/home/kavia/workspace/code-generation/travelgenie-ai-25-f8d21404/travelgenie_ai/node_modules/@babel/parser/lib/index.js:12953:10)
    at FlowParserMixin.parseBlock (/home/kavia/workspace/code-generation/travelgenie-ai-25-f8d21404/travelgenie_ai/node_modules/@babel/parser/lib/index.js:12941:10)
    at FlowParserMixin.parseFunctionBody (/home/kavia/workspace/code-generation/travelgenie-ai-25-f8d21404/travelgenie_ai/node_modules/@babel/parser/lib/index.js:11783:24)
    at FlowParserMixin.parseFunctionBody (/home/kavia/workspace/code-generation/travelgenie-ai-25-f8d21404/travelgenie_ai/node_modules/@babel/parser/lib/index.js:5117:11)
    at FlowParserMixin.parseFunctionBodyAndFinish (/home/kavia/workspace/code-generation/travelgenie-ai-25-f8d21404/travelgenie_ai/node_modules/@babel/parser/lib/index.js:11769:10)
    at FlowParserMixin.parseFunctionBodyAndFinish (/home/kavia/workspace/code-generation/travelgenie-ai-25-f8d21404/travelgenie_ai/node_modules/@babel/parser/lib/index.js:5125:18)
    at /home/kavia/workspace/code-generation/travelgenie-ai-25-f8d21404/travelgenie_ai/node_modules/@babel/parser/lib/index.js:13085:12
    at FlowParserMixin.withSmartMixTopicForbiddingContext (/home/kavia/workspace/code-generation/travelgenie-ai-25-f8d21404/travelgenie_ai/node_modules/@babel/parser/lib/index.js:12077:14)
    at FlowParserMixin.parseFunction (/home/kavia/workspace/code-generation/travelgenie-ai-25-f8d21404/travelgenie_ai/node_modules/@babel/parser/lib/index.js:13084:10)
    at FlowParserMixin.parseFunctionStatement (/home/kavia/workspace/code-generation/travelgenie-ai-25-f8d21404/travelgenie_ai/node_modules/@babel/parser/lib/index.js:12769:17)
    at FlowParserMixin.parseStatementContent (/home/kavia/workspace/code-generation/travelgenie-ai-25-f8d21404/travelgenie_ai/node_modules/@babel/parser/lib/index.js:12430:21)
    at FlowParserMixin.parseStatementLike (/home/kavia/workspace/code-generation/travelgenie-ai-25-f8d21404/travelgenie_ai/node_modules/@babel/parser/lib/index.js:12406:17)
    at FlowParserMixin.parseStatementLike (/home/kavia/workspace/code-generation/travelgenie-ai-25-f8d21404/travelgenie_ai/node_modules/@babel/parser/lib/index.js:5140:24)
    at FlowParserMixin.parseModuleItem (/home/kavia/workspace/code-generation/travelgenie-ai-25-f8d21404/travelgenie_ai/node_modules/@babel/parser/lib/index.js:12383:17)
    at FlowParserMixin.parseBlockOrModuleBlockBody (/home/kavia/workspace/code-generation/travelgenie-ai-25-f8d21404/travelgenie_ai/node_modules/@babel/parser/lib/index.js:12960:36)
    at FlowParserMixin.parseBlockBody (/home/kavia/workspace/code-generation/travelgenie-ai-25-f8d21404/travelgenie_ai/node_modules/@babel/parser/lib/index.js:12953:10)
    at FlowParserMixin.parseProgram (/home/kavia/workspace/code-generation/travelgenie-ai-25-f8d21404/travelgenie_ai/node_modules/@babel/parser/lib/index.js:12280:10)
    at FlowParserMixin.parseTopLevel (/home/kavia/workspace/code-generation/travelgenie-ai-25-f8d21404/travelgenie_ai/node_modules/@babel/parser/lib/index.js:12270:25)
    at FlowParserMixin.parseTopLevel (/home/kavia/workspace/code-generation/travelgenie-ai-25-f8d21404/travelgenie_ai/node_modules/@babel/parser/lib/index.js:5909:28)
    at FlowParserMixin.parse (/home/kavia/workspace/code-generation/travelgenie-ai-25-f8d21404/travelgenie_ai/node_modules/@babel/parser/lib/index.js:14120:10)
    at parse (/home/kavia/workspace/code-generation/travelgenie-ai-25-f8d21404/travelgenie_ai/node_modules/@babel/parser/lib/index.js:14154:38)
    at parser (/home/kavia/workspace/code-generation/travelgenie-ai-25-f8d21404/travelgenie_ai/node_modules/@babel/core/lib/parser/index.js:41:34)
    at parser.next (<anonymous>)
    at normalizeFile (/home/kavia/workspace/code-generation/travelgenie-ai-25-f8d21404/travelgenie_ai/node_modules/@babel/core/lib/transformation/normalize-file.js:64:37)
    at normalizeFile.next (<anonymous>)

ERROR in [eslint] 
src/pages/MapPage.js
  Line 8:2:  Parsing error: Unexpected token (8:2)

webpack compiled with 2 errors
Failed to compile.

[eslint] 
src/pages/MapPage.js
Syntax error: Unexpected token (8:2) (8:2)
ERROR in ./src/App.js 13:0-38
Module not found: Error: Can't resolve './pages/MapPage' in '/home/kavia/workspace/code-generation/travelgenie-ai-25-f8d21404/travelgenie_ai/src'

ERROR in [eslint] 
src/pages/MapPage.js
  Line 8:2:  Parsing error: Unexpected token (8:2)

webpack compiled with 2 errors
Compiling...
Compiled successfully!
webpack compiled successfully
